// Jest Snapshot v1, https://goo.gl/fbAQLP

exports[`Repository component renders the Repository component correctly 1`] = `
<DocumentFragment>
  <div
    class="repository"
    data-testid="repository"
  >
    <select />
    <div
      class="repository-images"
      data-testid="images"
    >
      <div>
        <img
          alt="user"
          data-testid="image"
          src="https://firebasestorage.googleapis.com/v0/b/puzzle-ebd10.appspot.com/o/images%2Fhabana%2F0.jpg?alt=media"
        />
      </div>
      <div>
        <img
          alt="user"
          data-testid="image"
          src="https://firebasestorage.googleapis.com/v0/b/puzzle-ebd10.appspot.com/o/images%2Fhabana%2F1.jpg?alt=media"
        />
      </div>
      <div>
        <img
          alt="user"
          data-testid="image"
          src="https://firebasestorage.googleapis.com/v0/b/puzzle-ebd10.appspot.com/o/images%2Fhabana%2F2.jpg?alt=media"
        />
      </div>
      <div>
        <img
          alt="user"
          data-testid="image"
          src="https://firebasestorage.googleapis.com/v0/b/puzzle-ebd10.appspot.com/o/images%2Fhabana%2F3.jpg?alt=media"
        />
      </div>
      <div>
        <img
          alt="user"
          data-testid="image"
          src="https://firebasestorage.googleapis.com/v0/b/puzzle-ebd10.appspot.com/o/images%2Fhabana%2F4.jpg?alt=media"
        />
      </div>
      <div>
        <img
          alt="user"
          data-testid="image"
          src="https://firebasestorage.googleapis.com/v0/b/puzzle-ebd10.appspot.com/o/images%2Fhabana%2F5.jpg?alt=media"
        />
      </div>
      <div>
        <img
          alt="user"
          data-testid="image"
          src="https://firebasestorage.googleapis.com/v0/b/puzzle-ebd10.appspot.com/o/images%2Fhabana%2F6.jpg?alt=media"
        />
      </div>
      <div>
        <img
          alt="user"
          data-testid="image"
          src="https://firebasestorage.googleapis.com/v0/b/puzzle-ebd10.appspot.com/o/images%2Fhabana%2F7.jpg?alt=media"
        />
      </div>
      <div>
        <img
          alt="user"
          data-testid="image"
          src="https://firebasestorage.googleapis.com/v0/b/puzzle-ebd10.appspot.com/o/images%2Fhabana%2F8.jpg?alt=media"
        />
      </div>
      <div>
        <img
          alt="user"
          data-testid="image"
          src="https://firebasestorage.googleapis.com/v0/b/puzzle-ebd10.appspot.com/o/images%2Fhabana%2F9.jpg?alt=media"
        />
      </div>
      <div>
        <img
          alt="user"
          data-testid="image"
          src="https://firebasestorage.googleapis.com/v0/b/puzzle-ebd10.appspot.com/o/images%2Fhabana%2F10.jpg?alt=media"
        />
      </div>
      <div>
        <img
          alt="user"
          data-testid="image"
          src="https://firebasestorage.googleapis.com/v0/b/puzzle-ebd10.appspot.com/o/images%2Fhabana%2F11.jpg?alt=media"
        />
      </div>
      <div>
        <img
          alt="user"
          data-testid="image"
          src="https://firebasestorage.googleapis.com/v0/b/puzzle-ebd10.appspot.com/o/images%2Fhabana%2F12.jpg?alt=media"
        />
      </div>
      <div>
        <img
          alt="user"
          data-testid="image"
          src="https://firebasestorage.googleapis.com/v0/b/puzzle-ebd10.appspot.com/o/images%2Fhabana%2F13.jpg?alt=media"
        />
      </div>
      <div>
        <img
          alt="user"
          data-testid="image"
          src="https://firebasestorage.googleapis.com/v0/b/puzzle-ebd10.appspot.com/o/images%2Fhabana%2F14.jpg?alt=media"
        />
      </div>
      <div>
        <img
          alt="user"
          data-testid="image"
          src="https://firebasestorage.googleapis.com/v0/b/puzzle-ebd10.appspot.com/o/images%2Fhabana%2F15.jpg?alt=media"
        />
      </div>
      <div>
        <img
          alt="user"
          data-testid="image"
          src="https://firebasestorage.googleapis.com/v0/b/puzzle-ebd10.appspot.com/o/images%2Fhabana%2F16.jpg?alt=media"
        />
      </div>
      <div>
        <img
          alt="user"
          data-testid="image"
          src="https://firebasestorage.googleapis.com/v0/b/puzzle-ebd10.appspot.com/o/images%2Fhabana%2F17.jpg?alt=media"
        />
      </div>
      <div>
        <img
          alt="user"
          data-testid="image"
          src="https://firebasestorage.googleapis.com/v0/b/puzzle-ebd10.appspot.com/o/images%2Fhabana%2F18.jpg?alt=media"
        />
      </div>
      <div>
        <img
          alt="user"
          data-testid="image"
          src="https://firebasestorage.googleapis.com/v0/b/puzzle-ebd10.appspot.com/o/images%2Fhabana%2F19.jpg?alt=media"
        />
      </div>
    </div>
  </div>
</DocumentFragment>
`;
